| .github/workflows/unpinned-action.yml:6:7:9:4 | name: C ... ository | Unpinned 3rd party Action 'Unpinned Action Example' step $@ uses 'actions-third-party-mirror/checkout' with ref 'v3', not a pinned commit hash | .github/workflows/unpinned-action.yml:6:7:9:4 | name: C ... ository | name: C ... ository |
| .github/workflows/unpinned-unnamed-action.yml:4:7:7:4 | name: C ... ository | Unpinned 3rd party Action 'unpinned-unnamed-action.yml' step $@ uses 'actions-third-party-mirror/checkout' with ref 'v3', not a pinned commit hash | .github/workflows/unpinned-unnamed-action.yml:4:7:7:4 | name: C ... ository | name: C ... ository |
