| insecure_pw_test.py:14:1:14:40 | ClassDef | Insecure 'user' class $@ stores its password insecurely, without secure hashing | insecure_pw_test.py:14:1:14:40 | ClassDef | InsecureUser |
| insecure_pw_test.py:21:1:21:41 | ClassDef | Insecure 'user' class $@ stores its password insecurely, without secure hashing | insecure_pw_test.py:21:1:21:41 | ClassDef | InsecureUser2 |
| insecure_pw_test.py:33:1:33:41 | ClassDef | Insecure 'user' class $@ stores its password insecurely, without secure hashing | insecure_pw_test.py:33:1:33:41 | ClassDef | InsecureUser3 |
