| hardcoded_secrets.py:10:18:10:29 | ControlFlowNode for Str | sinks |
| hardcoded_secrets.py:11:28:11:39 | ControlFlowNode for Str | sinks |
| hardcoded_secrets.py:12:30:12:41 | ControlFlowNode for Str | sinks |
| hardcoded_secrets.py:22:30:22:47 | ControlFlowNode for Str | sinks |
| hardcoded_secrets.py:28:38:28:55 | ControlFlowNode for Str | sinks |
| hardcoded_secrets.py:34:53:34:69 | ControlFlowNode for Str | sinks |
| hardcoded_secrets.py:35:50:35:66 | ControlFlowNode for Str | sinks |
| hardcoded_secrets.py:40:47:40:59 | ControlFlowNode for Str | sinks |
| hardcoded_secrets.py:41:38:41:50 | ControlFlowNode for Str | sinks |
| hardcoded_secrets.py:47:72:47:85 | ControlFlowNode for Str | sinks |
| hardcoded_secrets.py:50:72:50:72 | ControlFlowNode for w | sinks |
| hardcoded_secrets.py:56:19:56:36 | ControlFlowNode for Str | sinks |
| hardcoded_secrets.py:59:20:59:20 | ControlFlowNode for p | sinks |
| hardcoded_secrets.py:62:20:62:20 | ControlFlowNode for p | sinks |
| hardcoded_secrets.py:70:23:70:40 | ControlFlowNode for Str | sinks |
| hardcoded_secrets.py:71:27:71:48 | ControlFlowNode for Str | sinks |
| hardcoded_secrets.py:72:23:72:42 | ControlFlowNode for Str | sinks |
| settings.py:5:14:5:29 | ControlFlowNode for Str | sinks |
| settings.py:7:14:7:51 | ControlFlowNode for Attribute() | sinks |
| settings.py:9:14:9:41 | ControlFlowNode for Attribute() | sinks |
| settings.py:13:14:13:26 | ControlFlowNode for RANDOM_STRING | sinks |
