| src/main/java/com/github/advanced_security/command_injection_test/Main.java:22:39:22:51 | commandArray1 | Call to dangerous java.lang.Runtime.exec() with command '$@' with arg from untrusted input '$@' | src/main/java/com/github/advanced_security/command_injection_test/Main.java:21:51:21:59 | "/bin/sh" | "/bin/sh" | src/main/java/com/github/advanced_security/command_injection_test/Main.java:16:29:16:41 | args | args |
| src/main/java/com/github/advanced_security/command_injection_test/Main.java:30:39:30:51 | commandArray2 | Call to dangerous java.lang.Runtime.exec() with command '$@' with arg from untrusted input '$@' | src/main/java/com/github/advanced_security/command_injection_test/Main.java:26:32:26:40 | "/bin/sh" | "/bin/sh" | src/main/java/com/github/advanced_security/command_injection_test/Main.java:16:29:16:41 | args | args |
| src/main/java/com/github/advanced_security/command_injection_test/Main.java:34:17:37:40 | toArray(...) | Call to dangerous java.lang.Runtime.exec() with command '$@' with arg from untrusted input '$@' | src/main/java/com/github/advanced_security/command_injection_test/Main.java:35:48:35:56 | "/bin/sh" | "/bin/sh" | src/main/java/com/github/advanced_security/command_injection_test/Main.java:16:29:16:41 | args | args |
