edges
nodes
subpaths
#select
| WeakHmac.cs:15:19:15:31 | object creation of type HMACMD5 | Algs |
| WeakHmac.cs:16:21:16:36 | object creation of type HMACMD5 | Algs |
| WeakHmac.cs:19:20:19:33 | object creation of type HMACSHA1 | Algs |
| WeakHmac.cs:20:22:20:38 | object creation of type HMACSHA1 | Algs |
